// Vitest Snapshot v1, https://vitest.dev/guide/snapshot.html

exports[`EvmConnector Token Transfers (Ethereum) > transferErc1155 - ERC-1155 safeTransferFrom succeeds 1`] = `"0xf74bca370d853f54a7fa5cdc56ca4fc993d7a60363752da2883be205e92715b4"`;

exports[`EvmConnector Token Transfers (Ethereum) > transferNft - ERC-721 safeTransferFrom succeeds 1`] = `"0x360544750ae27588a1cca7894f431f61e222856c8727faa009fdc9584f9e5742"`;

exports[`EvmConnector Token Transfers (Ethereum) > transferToken - ERC-20 transfer succeeds 1`] = `"0x7a19fe1e995fc45c5b3692d7e92b815ccca2693eda05be71c2546b78dae9e0fb"`;
