// Vitest Snapshot v1, https://vitest.dev/guide/snapshot.html

exports[`EvmConnector (Ethereum) > gets address balance 1`] = `"0.007696426773984"`;

exports[`EvmConnector (Ethereum) > gets address balance 2`] = `"0"`;

exports[`EvmConnector (Ethereum) > transfer - enough funds and broadcast 1`] = `"0x9f26a7518a86000d9eb00af0cf031c7706d0b4500779ed1e725f5b09b13e0627"`;
