// Vitest Snapshot v1, https://vitest.dev/guide/snapshot.html

exports[`EvmRpcConnector (Avalanche via RPC) > gets address balance 1`] = `"0.3358547054393033"`;

exports[`EvmRpcConnector (Avalanche via RPC) > transfer - enough funds and broadcast 1`] = `"0x265781d1a8bd19be63ecb1e77fcf192dfbf2f6f879d03089501d8f90eae43a43"`;
