// Jest Snapshot v1, https://goo.gl/fbAQLP

exports[`Wallet Get all balances 1`] = `
[
  {
    "balance": {
      "confirmed": CurrencyAmount {
        "baseAmount": "0",
        "baseSymbol": "ARB",
        "minimalUnitAmount": "0",
        "minimalUnitSymbol": "wei",
      },
      "unconfirmed": CurrencyAmount {
        "baseAmount": "0",
        "baseSymbol": "ARB",
        "minimalUnitAmount": "0",
        "minimalUnitSymbol": "wei",
      },
    },
    "currency": {
      "decimals": 18,
      "defaultDerivationPath": "m/44'/60'/0'/0/0",
      "id": "arbitrum",
      "minimalUnitSymbol": "wei",
      "name": "Arbitrum One",
      "svgLogoUrl": "https://api.chaingate.dev/arbitrum/logo",
      "symbol": "ARB",
    },
  },
  {
    "balance": {
      "confirmed": CurrencyAmount {
        "baseAmount": "0",
        "baseSymbol": "AVAX",
        "minimalUnitAmount": "0",
        "minimalUnitSymbol": "wei",
      },
      "unconfirmed": CurrencyAmount {
        "baseAmount": "0",
        "baseSymbol": "AVAX",
        "minimalUnitAmount": "0",
        "minimalUnitSymbol": "wei",
      },
    },
    "currency": {
      "decimals": 18,
      "defaultDerivationPath": "m/44'/60'/0'/0/0",
      "id": "avalanche",
      "minimalUnitSymbol": "wei",
      "name": "Avalanche C-Chain",
      "svgLogoUrl": "https://api.chaingate.dev/avalanche/logo",
      "symbol": "AVAX",
    },
  },
  {
    "balance": {
      "confirmed": CurrencyAmount {
        "baseAmount": "2.083e-14",
        "baseSymbol": "BSC",
        "minimalUnitAmount": "20830",
        "minimalUnitSymbol": "wei",
      },
      "unconfirmed": CurrencyAmount {
        "baseAmount": "0",
        "baseSymbol": "BSC",
        "minimalUnitAmount": "0",
        "minimalUnitSymbol": "wei",
      },
    },
    "currency": {
      "decimals": 18,
      "defaultDerivationPath": "m/44'/60'/0'/0/0",
      "id": "binanceSmartChain",
      "minimalUnitSymbol": "wei",
      "name": "Binance Smart Chain",
      "svgLogoUrl": "https://api.chaingate.dev/binance/logo",
      "symbol": "BSC",
    },
  },
  {
    "balance": {
      "confirmed": CurrencyAmount {
        "baseAmount": "0",
        "baseSymbol": "BTC",
        "minimalUnitAmount": "0",
        "minimalUnitSymbol": "satoshi",
      },
      "unconfirmed": CurrencyAmount {
        "baseAmount": "0",
        "baseSymbol": "BTC",
        "minimalUnitAmount": "0",
        "minimalUnitSymbol": "satoshi",
      },
    },
    "currency": {
      "decimals": 8,
      "defaultDerivationPath": "m/84'/0'/0'/0/0",
      "id": "bitcoin",
      "minimalUnitSymbol": "satoshi",
      "name": "Bitcoin",
      "svgLogoUrl": "https://api.chaingate.dev/bitcoin/logo",
      "symbol": "BTC",
    },
  },
  {
    "balance": {
      "confirmed": CurrencyAmount {
        "baseAmount": "0",
        "baseSymbol": "BTC-TESTNET",
        "minimalUnitAmount": "0",
        "minimalUnitSymbol": "satoshi",
      },
      "unconfirmed": CurrencyAmount {
        "baseAmount": "0",
        "baseSymbol": "BTC-TESTNET",
        "minimalUnitAmount": "0",
        "minimalUnitSymbol": "satoshi",
      },
    },
    "currency": {
      "decimals": 8,
      "defaultDerivationPath": "m/84'/1'/0'/0/0",
      "id": "bitcoin-testnet",
      "minimalUnitSymbol": "satoshi",
      "name": "Bitcoin",
      "svgLogoUrl": "https://api.chaingate.dev/bitcoin/logo",
      "symbol": "BTC-TESTNET",
    },
  },
  {
    "balance": {
      "confirmed": CurrencyAmount {
        "baseAmount": "0",
        "baseSymbol": "BOBA",
        "minimalUnitAmount": "0",
        "minimalUnitSymbol": "wei",
      },
      "unconfirmed": CurrencyAmount {
        "baseAmount": "0",
        "baseSymbol": "BOBA",
        "minimalUnitAmount": "0",
        "minimalUnitSymbol": "wei",
      },
    },
    "currency": {
      "decimals": 18,
      "defaultDerivationPath": "m/44'/60'/0'/0/0",
      "id": "boba",
      "minimalUnitSymbol": "wei",
      "name": "Boba Network",
      "svgLogoUrl": "https://api.chaingate.dev/boba/logo",
      "symbol": "BOBA",
    },
  },
  {
    "balance": {
      "confirmed": CurrencyAmount {
        "baseAmount": "1.1909e-14",
        "baseSymbol": "ETH",
        "minimalUnitAmount": "11909",
        "minimalUnitSymbol": "wei",
      },
      "unconfirmed": CurrencyAmount {
        "baseAmount": "0",
        "baseSymbol": "ETH",
        "minimalUnitAmount": "0",
        "minimalUnitSymbol": "wei",
      },
    },
    "currency": {
      "decimals": 18,
      "defaultDerivationPath": "m/44'/60'/0'/0/0",
      "id": "ethereum",
      "minimalUnitSymbol": "wei",
      "name": "Ethereum",
      "svgLogoUrl": "https://api.chaingate.dev/ethereum/logo",
      "symbol": "ETH",
    },
  },
  {
    "balance": {
      "confirmed": CurrencyAmount {
        "baseAmount": "1.9e-14",
        "baseSymbol": "MATIC",
        "minimalUnitAmount": "19000",
        "minimalUnitSymbol": "wei",
      },
      "unconfirmed": CurrencyAmount {
        "baseAmount": "0",
        "baseSymbol": "MATIC",
        "minimalUnitAmount": "0",
        "minimalUnitSymbol": "wei",
      },
    },
    "currency": {
      "decimals": 18,
      "defaultDerivationPath": "m/44'/60'/0'/0/0",
      "id": "polygon",
      "minimalUnitSymbol": "wei",
      "name": "Polygon",
      "svgLogoUrl": "https://api.chaingate.dev/polygon/logo",
      "symbol": "MATIC",
    },
  },
]
`;

exports[`Wallet New wallet with different lengths 1`] = `"abandon abandon abandon abandon abandon abandon abandon abandon abandon abandon abandon abandon abandon abandon address"`;

exports[`Wallet New wallet with different lengths 2`] = `"abandon abandon abandon abandon abandon abandon abandon abandon abandon abandon abandon abandon abandon abandon abandon abandon abandon agent"`;

exports[`Wallet New wallet with different lengths 3`] = `"abandon abandon abandon abandon abandon abandon abandon abandon abandon abandon abandon abandon abandon abandon abandon abandon abandon abandon abandon abandon admit"`;

exports[`Wallet New wallet with different lengths 4`] = `"abandon abandon abandon abandon abandon abandon abandon abandon abandon abandon abandon abandon abandon abandon abandon abandon abandon abandon abandon abandon abandon abandon abandon art"`;

exports[`Wallet New wallet with phrases in different languages 1`] = `"abdikace abdikace abdikace abdikace abdikace abdikace abdikace abdikace abdikace abdikace abdikace agrese"`;

exports[`Wallet New wallet with phrases in different languages 2`] = `"abaisser abaisser abaisser abaisser abaisser abaisser abaisser abaisser abaisser abaisser abaisser abeille"`;

exports[`Wallet New wallet with phrases in different languages 3`] = `"abaco abaco abaco abaco abaco abaco abaco abaco abaco abaco abaco abete"`;

exports[`Wallet New wallet with phrases in different languages 4`] = `"가격 가격 가격 가격 가격 가격 가격 가격 가격 가격 가격 가능"`;

exports[`Wallet New wallet with phrases in different languages 5`] = `"あいこくしん　あいこくしん　あいこくしん　あいこくしん　あいこくしん　あいこくしん　あいこくしん　あいこくしん　あいこくしん　あいこくしん　あいこくしん　あおぞら"`;

exports[`Wallet New wallet with phrases in different languages 6`] = `"abacate abacate abacate abacate abacate abacate abacate abacate abacate abacate abacate abater"`;

exports[`Wallet New wallet with phrases in different languages 7`] = `"的 的 的 的 的 的 的 的 的 的 的 在"`;

exports[`Wallet New wallet with phrases in different languages 8`] = `"ábaco ábaco ábaco ábaco ábaco ábaco ábaco ábaco ábaco ábaco ábaco abierto"`;

exports[`Wallet New wallet with phrases in different languages 9`] = `"的 的 的 的 的 的 的 的 的 的 的 在"`;
