// Jest Snapshot v1, https://goo.gl/fbAQLP

exports[`Phrase New phrase with different languages 1`] = `"abandon abandon abandon abandon abandon abandon abandon abandon abandon abandon abandon about"`;

exports[`Phrase New phrase with different languages 2`] = `"abdikace abdikace abdikace abdikace abdikace abdikace abdikace abdikace abdikace abdikace abdikace agrese"`;

exports[`Phrase New phrase with different languages 3`] = `"abaisser abaisser abaisser abaisser abaisser abaisser abaisser abaisser abaisser abaisser abaisser abeille"`;

exports[`Phrase New phrase with different languages 4`] = `"abaco abaco abaco abaco abaco abaco abaco abaco abaco abaco abaco abete"`;

exports[`Phrase New phrase with different languages 5`] = `"가격 가격 가격 가격 가격 가격 가격 가격 가격 가격 가격 가능"`;

exports[`Phrase New phrase with different languages 6`] = `"あいこくしん　あいこくしん　あいこくしん　あいこくしん　あいこくしん　あいこくしん　あいこくしん　あいこくしん　あいこくしん　あいこくしん　あいこくしん　あおぞら"`;

exports[`Phrase New phrase with different languages 7`] = `"abacate abacate abacate abacate abacate abacate abacate abacate abacate abacate abacate abater"`;

exports[`Phrase New phrase with different languages 8`] = `"的 的 的 的 的 的 的 的 的 的 的 在"`;

exports[`Phrase New phrase with different languages 9`] = `"ábaco ábaco ábaco ábaco ábaco ábaco ábaco ábaco ábaco ábaco ábaco abierto"`;

exports[`Phrase New phrase with different languages 10`] = `"的 的 的 的 的 的 的 的 的 的 的 在"`;

exports[`Phrase New phrase with different lengths 1`] = `"abandon abandon abandon abandon abandon abandon abandon abandon abandon abandon abandon abandon abandon abandon address"`;

exports[`Phrase New phrase with different lengths 2`] = `"abandon abandon abandon abandon abandon abandon abandon abandon abandon abandon abandon abandon abandon abandon abandon abandon abandon agent"`;

exports[`Phrase New phrase with different lengths 3`] = `"abandon abandon abandon abandon abandon abandon abandon abandon abandon abandon abandon abandon abandon abandon abandon abandon abandon abandon abandon abandon admit"`;

exports[`Phrase New phrase with different lengths 4`] = `"abandon abandon abandon abandon abandon abandon abandon abandon abandon abandon abandon abandon abandon abandon abandon abandon abandon abandon abandon abandon abandon abandon abandon art"`;
