// Jest Snapshot v1, https://goo.gl/fbAQLP

exports[`Ethereum Call smart contract function 1`] = `"0x0000000000000000000000000000000000000000000000000858898f93629000"`;

exports[`Ethereum Transfer some ethereum 1`] = `
{
  "high": EvmFee {
    "maxFeePerGas": CurrencyAmount {
      "baseAmount": "5e-18",
      "baseSymbol": "ETH",
      "minimalUnitAmount": "5",
      "minimalUnitSymbol": "wei",
    },
    "maxPriorityFeePerGas": CurrencyAmount {
      "baseAmount": "1",
      "baseSymbol": "ETH",
      "minimalUnitAmount": "1000000000000000000",
      "minimalUnitSymbol": "wei",
    },
  },
  "low": EvmFee {
    "maxFeePerGas": CurrencyAmount {
      "baseAmount": "4e-18",
      "baseSymbol": "ETH",
      "minimalUnitAmount": "4",
      "minimalUnitSymbol": "wei",
    },
    "maxPriorityFeePerGas": CurrencyAmount {
      "baseAmount": "0",
      "baseSymbol": "ETH",
      "minimalUnitAmount": "0",
      "minimalUnitSymbol": "wei",
    },
  },
  "maximum": EvmFee {
    "maxFeePerGas": CurrencyAmount {
      "baseAmount": "6e-18",
      "baseSymbol": "ETH",
      "minimalUnitAmount": "6",
      "minimalUnitSymbol": "wei",
    },
    "maxPriorityFeePerGas": CurrencyAmount {
      "baseAmount": "3",
      "baseSymbol": "ETH",
      "minimalUnitAmount": "3000000000000000000",
      "minimalUnitSymbol": "wei",
    },
  },
  "normal": EvmFee {
    "maxFeePerGas": CurrencyAmount {
      "baseAmount": "4e-18",
      "baseSymbol": "ETH",
      "minimalUnitAmount": "4",
      "minimalUnitSymbol": "wei",
    },
    "maxPriorityFeePerGas": CurrencyAmount {
      "baseAmount": "0",
      "baseSymbol": "ETH",
      "minimalUnitAmount": "0",
      "minimalUnitSymbol": "wei",
    },
  },
}
`;
